分类: 📺央视频道, 名称: CCTV-1, 总数: 1015, 有效: 18, 有效率: 1.77%, IPv4: 924, IPv6: 91, 最小延迟: 18 ms, 最高速率: 120.63 M/s, 平均速率: 34.65 M/s, 最高分辨率: 1920x1080, 平均帧率: 36.25, 视频编解码器: h264, 音频编解码器: mp2
分类: 📺央视频道, 名称: CCTV-2, 总数: 821, 有效: 16, 有效率: 1.95%, IPv4: 756, IPv6: 65, 最小延迟: 10 ms, 最高速率: 281.72 M/s, 平均速率: 77.98 M/s, 最高分辨率: 1920x1080, 平均帧率: 36.71, 视频编解码器: h264, 音频编解码器: mp2
分类: 📺央视频道, 名称: CCTV-3, 总数: 853, 有效: 16, 有效率: 1.88%, IPv4: 780, IPv6: 73, 最小延迟: 10 ms, 最高速率: 305.10 M/s, 平均速率: 99.15 M/s, 最高分辨率: 1920x1080, 平均帧率: 33.94, 视频编解码器: h264, 音频编解码器: aac
分类: 📺央视频道, 名称: CCTV-4, 总数: 1071, 有效: 27, 有效率: 2.52%, IPv4: 1005, IPv6: 66, 最小延迟: 10 ms, 最高速率: 300.48 M/s, 平均速率: 55.48 M/s, 最高分辨率: 1920x1080, 平均帧率: 37.70, 视频编解码器: h264, 音频编解码器: mp2
分类: 📺央视频道, 名称: CCTV-5, 总数: 938, 有效: 19, 有效率: 2.03%, IPv4: 855, IPv6: 83, 最小延迟: 21 ms, 最高速率: 89.17 M/s, 平均速率: 22.08 M/s, 最高分辨率: 1920x1080, 平均帧率: 34.72, 视频编解码器: h264, 音频编解码器: mp2
分类: 📺央视频道, 名称: CCTV-5+, 总数: 611, 有效: 16, 有效率: 2.62%, IPv4: 548, IPv6: 63, 最小延迟: 10 ms, 最高速率: 233.66 M/s, 平均速率: 66.46 M/s, 最高分辨率: 1920x1080, 平均帧率: 39.09, 视频编解码器: h264, 音频编解码器: aac
分类: 📺央视频道, 名称: CCTV-6, 总数: 825, 有效: 18, 有效率: 2.18%, IPv4: 756, IPv6: 69, 最小延迟: 15 ms, 最高速率: 185.82 M/s, 平均速率: 46.52 M/s, 最高分辨率: 1920x1080, 平均帧率: 33.25, 视频编解码器: h264, 音频编解码器: aac
分类: 📺央视频道, 名称: CCTV-7, 总数: 830, 有效: 19, 有效率: 2.29%, IPv4: 759, IPv6: 71, 最小延迟: 12 ms, 最高速率: 172.83 M/s, 平均速率: 48.76 M/s, 最高分辨率: 1920x1080, 平均帧率: 38.44, 视频编解码器: h264, 音频编解码器: mp2
分类: 📺央视频道, 名称: CCTV-8, 总数: 828, 有效: 21, 有效率: 2.54%, IPv4: 761, IPv6: 67, 最小延迟: 12 ms, 最高速率: 318.72 M/s, 平均速率: 60.79 M/s, 最高分辨率: 1920x1080, 平均帧率: 33.42, 视频编解码器: h264, 音频编解码器: aac
分类: 📺央视频道, 名称: CCTV-9, 总数: 818, 有效: 25, 有效率: 3.06%, IPv4: 751, IPv6: 67, 最小延迟: 15 ms, 最高速率: 202.78 M/s, 平均速率: 37.94 M/s, 最高分辨率: 1920x1080, 平均帧率: 36.59, 视频编解码器: h264, 音频编解码器: aac
分类: 📺央视频道, 名称: CCTV-10, 总数: 849, 有效: 18, 有效率: 2.12%, IPv4: 780, IPv6: 69, 最小延迟: 11 ms, 最高速率: 316.03 M/s, 平均速率: 86.47 M/s, 最高分辨率: 1920x1080, 平均帧率: 36.46, 视频编解码器: h264, 音频编解码器: mp2
分类: 📺央视频道, 名称: CCTV-11, 总数: 749, 有效: 17, 有效率: 2.27%, IPv4: 694, IPv6: 55, 最小延迟: 11 ms, 最高速率: 313.48 M/s, 平均速率: 91.14 M/s, 最高分辨率: 1920x1080, 平均帧率: 38.89, 视频编解码器: h264, 音频编解码器: mp2
分类: 📺央视频道, 名称: CCTV-12, 总数: 836, 有效: 17, 有效率: 2.03%, IPv4: 766, IPv6: 70, 最小延迟: 14 ms, 最高速率: 151.87 M/s, 平均速率: 52.10 M/s, 最高分辨率: 1920x1080, 平均帧率: 39.49, 视频编解码器: h264, 音频编解码器: mp2
分类: 📺央视频道, 名称: CCTV-13, 总数: 795, 有效: 21, 有效率: 2.64%, IPv4: 730, IPv6: 65, 最小延迟: 11 ms, 最高速率: 234.36 M/s, 平均速率: 58.76 M/s, 最高分辨率: 1920x1080, 平均帧率: 38.78, 视频编解码器: h264, 音频编解码器: mp2
分类: 📺央视频道, 名称: CCTV-14, 总数: 792, 有效: 23, 有效率: 2.90%, IPv4: 723, IPv6: 69, 最小延迟: 11 ms, 最高速率: 240.43 M/s, 平均速率: 57.31 M/s, 最高分辨率: 1920x1080, 平均帧率: 37.18, 视频编解码器: h264, 音频编解码器: aac
分类: 📺央视频道, 名称: CCTV-15, 总数: 728, 有效: 20, 有效率: 2.75%, IPv4: 669, IPv6: 59, 最小延迟: 13 ms, 最高速率: 230.32 M/s, 平均速率: 59.67 M/s, 最高分辨率: 1920x1080, 平均帧率: 38.89, 视频编解码器: h264, 音频编解码器: mp2
分类: 📺央视频道, 名称: CCTV-16, 总数: 411, 有效: 22, 有效率: 5.35%, IPv4: 356, IPv6: 55, 最小延迟: 12 ms, 最高速率: 267.30 M/s, 平均速率: 63.58 M/s, 最高分辨率: 3840x2160, 平均帧率: 28.64, 视频编解码器: h264, 音频编解码器: aac
分类: 💰央视付费频道, 名称: 文化精品, 总数: 82, 有效: 5, 有效率: 6.10%, IPv4: 76, IPv6: 6, 最小延迟: 845 ms, 最高速率: 5.58 M/s, 平均速率: 3.90 M/s, 最高分辨率: 1920x1080, 平均帧率: 未知, 视频编解码器: 未知, 音频编解码器: 未知
分类: 📺央视频道, 名称: CCTV-17, 总数: 610, 有效: 21, 有效率: 3.44%, IPv4: 550, IPv6: 60, 最小延迟: 10 ms, 最高速率: 306.60 M/s, 平均速率: 74.27 M/s, 最高分辨率: 1920x1080, 平均帧率: 33.57, 视频编解码器: h264, 音频编解码器: aac
分类: 💰央视付费频道, 名称: 央视台球, 总数: 108, 有效: 6, 有效率: 5.56%, IPv4: 101, IPv6: 7, 最小延迟: 842 ms, 最高速率: 5.18 M/s, 平均速率: 3.74 M/s, 最高分辨率: 1920x1080, 平均帧率: 25.00, 视频编解码器: h264, 音频编解码器: aac
分类: 💰央视付费频道, 名称: 第一剧场, 总数: 127, 有效: 4, 有效率: 3.15%, IPv4: 117, IPv6: 10, 最小延迟: 919 ms, 最高速率: 5.75 M/s, 平均速率: 4.21 M/s, 最高分辨率: 1920x1080, 平均帧率: 50.00, 视频编解码器: h264, 音频编解码器: aac
分类: 💰央视付费频道, 名称: 风云音乐, 总数: 112, 有效: 6, 有效率: 5.36%, IPv4: 104, IPv6: 8, 最小延迟: 800 ms, 最高速率: 5.42 M/s, 平均速率: 4.48 M/s, 最高分辨率: 1920x1080, 平均帧率: 50.00, 视频编解码器: h264, 音频编解码器: aac
分类: 💰央视付费频道, 名称: 风云剧场, 总数: 101, 有效: 6, 有效率: 5.94%, IPv4: 94, IPv6: 7, 最小延迟: 798 ms, 最高速率: 7.45 M/s, 平均速率: 5.92 M/s, 最高分辨率: 1920x1080, 平均帧率: 50.00, 视频编解码器: h264, 音频编解码器: aac
分类: 💰央视付费频道, 名称: 高尔夫网球, 总数: 80, 有效: 3, 有效率: 3.75%, IPv4: 74, IPv6: 6, 最小延迟: 795 ms, 最高速率: 5.58 M/s, 平均速率: 5.19 M/s, 最高分辨率: 1920x1080, 平均帧率: 未知, 视频编解码器: 未知, 音频编解码器: 未知
分类: 💰央视付费频道, 名称: 怀旧剧场, 总数: 129, 有效: 7, 有效率: 5.43%, IPv4: 120, IPv6: 9, 最小延迟: 892 ms, 最高速率: 7.80 M/s, 平均速率: 5.16 M/s, 最高分辨率: 1920x1080, 平均帧率: 50.00, 视频编解码器: h264, 音频编解码器: aac
分类: 💰央视付费频道, 名称: 女性时尚, 总数: 89, 有效: 6, 有效率: 6.74%, IPv4: 84, IPv6: 5, 最小延迟: 749 ms, 最高速率: 5.15 M/s, 平均速率: 4.23 M/s, 最高分辨率: 1920x1080, 平均帧率: 50.00, 视频编解码器: h264, 音频编解码器: aac
分类: 💰央视付费频道, 名称: 电视指南, 总数: 81, 有效: 1, 有效率: 1.23%, IPv4: 79, IPv6: 2, 最小延迟: 837 ms, 最高速率: 5.75 M/s, 平均速率: 5.75 M/s, 最高分辨率: 1920x1080, 平均帧率: 未知, 视频编解码器: 未知, 音频编解码器: 未知
分类: 💰央视付费频道, 名称: 风云足球, 总数: 107, 有效: 4, 有效率: 3.74%, IPv4: 101, IPv6: 6, 最小延迟: 1238 ms, 最高速率: 8.35 M/s, 平均速率: 6.83 M/s, 最高分辨率: 1920x1080, 平均帧率: 50.00, 视频编解码器: h264, 音频编解码器: aac
分类: 💰央视付费频道, 名称: 兵器科技, 总数: 106, 有效: 6, 有效率: 5.66%, IPv4: 98, IPv6: 8, 最小延迟: 830 ms, 最高速率: 7.27 M/s, 平均速率: 5.11 M/s, 最高分辨率: 1920x1080, 平均帧率: 未知, 视频编解码器: 未知, 音频编解码器: 未知
分类: 💰央视付费频道, 名称: 世界地理, 总数: 108, 有效: 6, 有效率: 5.56%, IPv4: 102, IPv6: 6, 最小延迟: 797 ms, 最高速率: 5.27 M/s, 平均速率: 3.80 M/s, 最高分辨率: 1920x1080, 平均帧率: 50.00, 视频编解码器: h264, 音频编解码器: aac
分类: 4K频道, 名称: CCTV-164K, 总数: 67, 有效: 4, 有效率: 5.97%, IPv4: 65, IPv6: 2, 最小延迟: 6834 ms, 最高速率: 6.95 M/s, 平均速率: 5.46 M/s, 最高分辨率: 3840x2160, 平均帧率: 未知, 视频编解码器: 未知, 音频编解码器: 未知
分类: 4K频道, 名称: CCTV4K, 总数: 78, 有效: 13, 有效率: 16.67%, IPv4: 69, IPv6: 9, 最小延迟: 221 ms, 最高速率: 4.58 M/s, 平均速率: 3.00 M/s, 最高分辨率: 3840x2160, 平均帧率: 27.50, 视频编解码器: h264, 音频编解码器: aac
分类: 4K频道, 名称: 北京卫视4K, 总数: 953, 有效: 32, 有效率: 3.36%, IPv4: 876, IPv6: 77, 最小延迟: 11 ms, 最高速率: 301.61 M/s, 平均速率: 45.89 M/s, 最高分辨率: 3840x2160, 平均帧率: 39.14, 视频编解码器: h264, 音频编解码器: mp2
分类: 4K频道, 名称: 东方卫视4K, 总数: 849, 有效: 27, 有效率: 3.18%, IPv4: 769, IPv6: 80, 最小延迟: 10 ms, 最高速率: 244.30 M/s, 平均速率: 60.85 M/s, 最高分辨率: 3840x2160, 平均帧率: 37.16, 视频编解码器: h264, 音频编解码器: mp2
分类: 4K频道, 名称: 湖南卫视4K, 总数: 924, 有效: 36, 有效率: 3.90%, IPv4: 853, IPv6: 71, 最小延迟: 12 ms, 最高速率: 262.89 M/s, 平均速率: 30.31 M/s, 最高分辨率: 3840x2160, 平均帧率: 37.88, 视频编解码器: h264, 音频编解码器: mp2
分类: 4K频道, 名称: 浙江卫视4K, 总数: 917, 有效: 36, 有效率: 3.93%, IPv4: 830, IPv6: 87, 最小延迟: 10 ms, 最高速率: 301.31 M/s, 平均速率: 42.40 M/s, 最高分辨率: 3840x2160, 平均帧率: 34.88, 视频编解码器: h264, 音频编解码器: mp2
分类: 4K频道, 名称: 江苏卫视4K, 总数: 901, 有效: 35, 有效率: 3.88%, IPv4: 828, IPv6: 73, 最小延迟: 11 ms, 最高速率: 295.83 M/s, 平均速率: 57.09 M/s, 最高分辨率: 3840x2160, 平均帧率: 38.97, 视频编解码器: h264, 音频编解码器: mp2
分类: 4K频道, 名称: 广东综艺4K, 总数: 29, 有效: 0, 有效率: 0.00%, IPv4: 28, IPv6: 1, 最小延迟: -1 ms, 最高速率: 0.00 M/s, 平均速率: 0.00 M/s, 最高分辨率: None, 平均帧率: 未知, 视频编解码器: 未知, 音频编解码器: 未知
分类: 4K频道, 名称: 南国都市4K, 总数: 29, 有效: 12, 有效率: 41.38%, IPv4: 26, IPv6: 3, 最小延迟: 1723 ms, 最高速率: 0.76 M/s, 平均速率: 0.66 M/s, 最高分辨率: 1920x1080, 平均帧率: 50.00, 视频编解码器: h264, 音频编解码器: aac
分类: 4K频道, 名称: 广东卫视4K, 总数: 947, 有效: 40, 有效率: 4.22%, IPv4: 869, IPv6: 78, 最小延迟: 10 ms, 最高速率: 286.69 M/s, 平均速率: 46.78 M/s, 最高分辨率: 3840x2160, 平均帧率: 36.67, 视频编解码器: h264, 音频编解码器: mp2
分类: 4K频道, 名称: 深圳卫视4K, 总数: 861, 有效: 37, 有效率: 4.30%, IPv4: 788, IPv6: 73, 最小延迟: 11 ms, 最高速率: 230.54 M/s, 平均速率: 47.92 M/s, 最高分辨率: 3840x2160, 平均帧率: 40.47, 视频编解码器: h264, 音频编解码器: mp2
分类: 4K频道, 名称: 山东卫视4K, 总数: 739, 有效: 33, 有效率: 4.47%, IPv4: 684, IPv6: 55, 最小延迟: 10 ms, 最高速率: 297.88 M/s, 平均速率: 63.98 M/s, 最高分辨率: 3840x2160, 平均帧率: 37.50, 视频编解码器: h264, 音频编解码器: mp2
分类: 4K频道, 名称: 苏州卫视4K, 总数: 5, 有效: 0, 有效率: 0.00%, IPv4: 5, IPv6: 0, 最小延迟: 1256 ms, 最高速率: 0.28 M/s, 平均速率: 0.00 M/s, 最高分辨率: 1920x1080, 平均帧率: 25.00, 视频编解码器: h264, 音频编解码器: aac
分类: 4K频道, 名称: 四川卫视4K, 总数: 769, 有效: 22, 有效率: 2.86%, IPv4: 706, IPv6: 63, 最小延迟: 11 ms, 最高速率: 309.32 M/s, 平均速率: 80.31 M/s, 最高分辨率: 3840x2160, 平均帧率: 33.08, 视频编解码器: h264, 音频编解码器: mp2
分类: 4K频道, 名称: 河北卫视4K, 总数: 663, 有效: 18, 有效率: 2.71%, IPv4: 584, IPv6: 79, 最小延迟: 10 ms, 最高速率: 304.95 M/s, 平均速率: 107.05 M/s, 最高分辨率: 1920x1080, 平均帧率: 33.86, 视频编解码器: h264, 音频编解码器: mp2
分类: 4K频道, 名称: 黑龙江卫视4K, 总数: 666, 有效: 21, 有效率: 3.15%, IPv4: 606, IPv6: 60, 最小延迟: 11 ms, 最高速率: 282.35 M/s, 平均速率: 72.74 M/s, 最高分辨率: 1920x1080, 平均帧率: 39.58, 视频编解码器: h264, 音频编解码器: mp2
分类: 4K频道, 名称: BesTV4K动画, 总数: 2, 有效: 0, 有效率: 0.00%, IPv4: 2, IPv6: 0, 最小延迟: -1 ms, 最高速率: 0.00 M/s, 平均速率: 0.00 M/s, 最高分辨率: None, 平均帧率: 未知, 视频编解码器: 未知, 音频编解码器: 未知
分类: 4K频道, 名称: BesTV4K电影, 总数: 2, 有效: 0, 有效率: 0.00%, IPv4: 2, IPv6: 0, 最小延迟: -1 ms, 最高速率: 0.00 M/s, 平均速率: 0.00 M/s, 最高分辨率: None, 平均帧率: 未知, 视频编解码器: 未知, 音频编解码器: 未知
分类: 4K频道, 名称: BesTV4K记录, 总数: 2, 有效: 0, 有效率: 0.00%, IPv4: 2, IPv6: 0, 最小延迟: -1 ms, 最高速率: 0.00 M/s, 平均速率: 0.00 M/s, 最高分辨率: None, 平均帧率: 未知, 视频编解码器: 未知, 音频编解码器: 未知
分类: 4K频道, 名称: 天翼4K, 总数: 10, 有效: 0, 有效率: 0.00%, IPv4: 10, IPv6: 0, 最小延迟: -1 ms, 最高速率: 0.00 M/s, 平均速率: 0.00 M/s, 最高分辨率: None, 平均帧率: 未知, 视频编解码器: 未知, 音频编解码器: 未知
分类: 4K频道, 名称: 华数电影4K, 总数: 6, 有效: 0, 有效率: 0.00%, IPv4: 6, IPv6: 0, 最小延迟: -1 ms, 最高速率: 0.00 M/s, 平均速率: 0.00 M/s, 最高分辨率: None, 平均帧率: 未知, 视频编解码器: 未知, 音频编解码器: 未知
分类: 4K频道, 名称: 欢笑剧场4K, 总数: 51, 有效: 4, 有效率: 7.84%, IPv4: 50, IPv6: 1, 最小延迟: 823 ms, 最高速率: 23.07 M/s, 平均速率: 8.54 M/s, 最高分辨率: 3840x2160, 平均帧率: 25.00, 视频编解码器: h264, 音频编解码器: mp2
分类: 4K频道, 名称: 爱上4K, 总数: 37, 有效: 0, 有效率: 0.00%, IPv4: 35, IPv6: 2, 最小延迟: -1 ms, 最高速率: 0.00 M/s, 平均速率: 0.00 M/s, 最高分辨率: None, 平均帧率: 未知, 视频编解码器: 未知, 音频编解码器: 未知
分类: 4K频道, 名称: 4K乐享, 总数: 2, 有效: 0, 有效率: 0.00%, IPv4: 2, IPv6: 0, 最小延迟: -1 ms, 最高速率: 0.00 M/s, 平均速率: 0.00 M/s, 最高分辨率: None, 平均帧率: 未知, 视频编解码器: 未知, 音频编解码器: 未知
分类: 4K频道, 名称: 4K少儿, 总数: 4, 有效: 0, 有效率: 0.00%, IPv4: 4, IPv6: 0, 最小延迟: -1 ms, 最高速率: 0.00 M/s, 平均速率: 0.00 M/s, 最高分辨率: None, 平均帧率: 未知, 视频编解码器: 未知, 音频编解码器: 未知
分类: 4K频道, 名称: 4K纪实, 总数: 4, 有效: 0, 有效率: 0.00%, IPv4: 4, IPv6: 0, 最小延迟: -1 ms, 最高速率: 0.00 M/s, 平均速率: 0.00 M/s, 最高分辨率: None, 平均帧率: 未知, 视频编解码器: 未知, 音频编解码器: 未知
分类: 4K频道, 名称: 4K视界, 总数: 4, 有效: 0, 有效率: 0.00%, IPv4: 4, IPv6: 0, 最小延迟: -1 ms, 最高速率: 0.00 M/s, 平均速率: 0.00 M/s, 最高分辨率: None, 平均帧率: 未知, 视频编解码器: 未知, 音频编解码器: 未知
分类: 4K频道, 名称: 至臻视界4K, 总数: 1, 有效: 0, 有效率: 0.00%, IPv4: 1, IPv6: 0, 最小延迟: -1 ms, 最高速率: 0.00 M/s, 平均速率: 0.00 M/s, 最高分辨率: None, 平均帧率: 未知, 视频编解码器: 未知, 音频编解码器: 未知
分类: 4K频道, 名称: 咪视界4K, 总数: 2, 有效: 0, 有效率: 0.00%, IPv4: 2, IPv6: 0, 最小延迟: -1 ms, 最高速率: 0.00 M/s, 平均速率: 0.00 M/s, 最高分辨率: None, 平均帧率: 未知, 视频编解码器: 未知, 音频编解码器: 未知
分类: 4K频道, 名称: 4K花园, 总数: 22, 有效: 0, 有效率: 0.00%, IPv4: 21, IPv6: 1, 最小延迟: -1 ms, 最高速率: 0.00 M/s, 平均速率: 0.00 M/s, 最高分辨率: None, 平均帧率: 未知, 视频编解码器: 未知, 音频编解码器: 未知
分类: 4K频道, 名称: 4K现场, 总数: 7, 有效: 0, 有效率: 0.00%, IPv4: 7, IPv6: 0, 最小延迟: -1 ms, 最高速率: 0.00 M/s, 平均速率: 0.00 M/s, 最高分辨率: None, 平均帧率: 未知, 视频编解码器: 未知, 音频编解码器: 未知
分类: 4K频道, 名称: CCTV8K, 总数: 12, 有效: 3, 有效率: 25.00%, IPv4: 12, IPv6: 0, 最小延迟: 584 ms, 最高速率: 5.79 M/s, 平均速率: 3.02 M/s, 最高分辨率: 1920x1080, 平均帧率: 未知, 视频编解码器: 未知, 音频编解码器: 未知
分类: 4K频道, 名称: 河南卫视4K, 总数: 692, 有效: 24, 有效率: 3.47%, IPv4: 621, IPv6: 71, 最小延迟: 10 ms, 最高速率: 296.37 M/s, 平均速率: 75.99 M/s, 最高分辨率: 1920x1080, 平均帧率: 37.14, 视频编解码器: h264, 音频编解码器: mp2
分类: 📡卫视频道, 名称: 香港卫视, 总数: 22, 有效: 0, 有效率: 0.00%, IPv4: 18, IPv6: 4, 最小延迟: 10924 ms, 最高速率: 0.26 M/s, 平均速率: 0.00 M/s, 最高分辨率: 1280x720, 平均帧率: 25.00, 视频编解码器: h264, 音频编解码器: aac
分类: 📡卫视频道, 名称: 湖北卫视, 总数: 781, 有效: 28, 有效率: 3.59%, IPv4: 710, IPv6: 71, 最小延迟: 10 ms, 最高速率: 212.55 M/s, 平均速率: 50.70 M/s, 最高分辨率: 1920x1080, 平均帧率: 38.08, 视频编解码器: h264, 音频编解码器: aac
分类: 📡卫视频道, 名称: 安徽卫视, 总数: 632, 有效: 28, 有效率: 4.43%, IPv4: 573, IPv6: 59, 最小延迟: 12 ms, 最高速率: 247.37 M/s, 平均速率: 54.90 M/s, 最高分辨率: 1920x1080, 平均帧率: 41.55, 视频编解码器: h264, 音频编解码器: aac
分类: 📡卫视频道, 名称: 重庆卫视, 总数: 792, 有效: 22, 有效率: 2.78%, IPv4: 734, IPv6: 58, 最小延迟: 10 ms, 最高速率: 296.02 M/s, 平均速率: 71.88 M/s, 最高分辨率: 1920x1080, 平均帧率: 33.70, 视频编解码器: h264, 音频编解码器: mp2
分类: 📡卫视频道, 名称: 东南卫视, 总数: 673, 有效: 21, 有效率: 3.12%, IPv4: 600, IPv6: 73, 最小延迟: 11 ms, 最高速率: 261.60 M/s, 平均速率: 78.11 M/s, 最高分辨率: 1920x1080, 平均帧率: 37.86, 视频编解码器: h264, 音频编解码器: mp2
分类: 📡卫视频道, 名称: 甘肃卫视, 总数: 375, 有效: 12, 有效率: 3.20%, IPv4: 339, IPv6: 36, 最小延迟: 10 ms, 最高速率: 287.56 M/s, 平均速率: 72.95 M/s, 最高分辨率: 1920x1080, 平均帧率: 32.65, 视频编解码器: h264, 音频编解码器: mp2
分类: 📡卫视频道, 名称: 广西卫视, 总数: 563, 有效: 17, 有效率: 3.02%, IPv4: 512, IPv6: 51, 最小延迟: 9 ms, 最高速率: 282.76 M/s, 平均速率: 19.22 M/s, 最高分辨率: 1920x1080, 平均帧率: 30.95, 视频编解码器: h264, 音频编解码器: mp2
分类: 📡卫视频道, 名称: 贵州卫视, 总数: 605, 有效: 20, 有效率: 3.31%, IPv4: 547, IPv6: 58, 最小延迟: 11 ms, 最高速率: 256.58 M/s, 平均速率: 81.44 M/s, 最高分辨率: 1920x1080, 平均帧率: 38.85, 视频编解码器: h264, 音频编解码器: mp2
分类: 📡卫视频道, 名称: 海南卫视, 总数: 440, 有效: 12, 有效率: 2.73%, IPv4: 380, IPv6: 60, 最小延迟: 14 ms, 最高速率: 212.83 M/s, 平均速率: 126.01 M/s, 最高分辨率: 1920x1080, 平均帧率: 30.00, 视频编解码器: h264, 音频编解码器: aac
分类: 📡卫视频道, 名称: 吉林卫视, 总数: 575, 有效: 19, 有效率: 3.30%, IPv4: 522, IPv6: 53, 最小延迟: 9 ms, 最高速率: 299.36 M/s, 平均速率: 88.89 M/s, 最高分辨率: 1920x1080, 平均帧率: 35.28, 视频编解码器: h264, 音频编解码器: mp2
分类: 📡卫视频道, 名称: 江西卫视, 总数: 707, 有效: 25, 有效率: 3.54%, IPv4: 637, IPv6: 70, 最小延迟: 11 ms, 最高速率: 259.33 M/s, 平均速率: 62.82 M/s, 最高分辨率: 1920x1080, 平均帧率: 38.39, 视频编解码器: h264, 音频编解码器: mp2
分类: 📡卫视频道, 名称: 辽宁卫视, 总数: 637, 有效: 24, 有效率: 3.77%, IPv4: 588, IPv6: 49, 最小延迟: 10 ms, 最高速率: 302.15 M/s, 平均速率: 67.40 M/s, 最高分辨率: 1920x1080, 平均帧率: 42.14, 视频编解码器: h264, 音频编解码器: mp2
分类: 📡卫视频道, 名称: 内蒙古卫视, 总数: 317, 有效: 18, 有效率: 5.68%, IPv4: 292, IPv6: 25, 最小延迟: 10 ms, 最高速率: 256.53 M/s, 平均速率: 76.64 M/s, 最高分辨率: 1920x1080, 平均帧率: 30.00, 视频编解码器: h264, 音频编解码器: mp2
分类: 📡卫视频道, 名称: 宁夏卫视, 总数: 403, 有效: 19, 有效率: 4.71%, IPv4: 377, IPv6: 26, 最小延迟: 9 ms, 最高速率: 330.28 M/s, 平均速率: 87.40 M/s, 最高分辨率: 1920x1080, 平均帧率: 42.69, 视频编解码器: h264, 音频编解码器: mp2
分类: 📡卫视频道, 名称: 青海卫视, 总数: 439, 有效: 16, 有效率: 3.64%, IPv4: 404, IPv6: 35, 最小延迟: 11 ms, 最高速率: 288.38 M/s, 平均速率: 97.75 M/s, 最高分辨率: 1920x1080, 平均帧率: 34.74, 视频编解码器: h264, 音频编解码器: mp2
分类: 📡卫视频道, 名称: 山西卫视, 总数: 311, 有效: 12, 有效率: 3.86%, IPv4: 282, IPv6: 29, 最小延迟: 12 ms, 最高速率: 246.79 M/s, 平均速率: 44.25 M/s, 最高分辨率: 1920x1080, 平均帧率: 29.23, 视频编解码器: h264, 音频编解码器: mp2
分类: 📡卫视频道, 名称: 陕西卫视, 总数: 332, 有效: 13, 有效率: 3.92%, IPv4: 305, IPv6: 27, 最小延迟: 12 ms, 最高速率: 249.07 M/s, 平均速率: 67.09 M/s, 最高分辨率: 1920x1080, 平均帧率: 34.33, 视频编解码器: h264, 音频编解码器: mp2
分类: 📡卫视频道, 名称: 三沙卫视, 总数: 192, 有效: 5, 有效率: 2.60%, IPv4: 177, IPv6: 15, 最小延迟: 891 ms, 最高速率: 5.95 M/s, 平均速率: 3.49 M/s, 最高分辨率: 1920x1080, 平均帧率: 30.56, 视频编解码器: h264, 音频编解码器: mp2
分类: 📡卫视频道, 名称: 天津卫视, 总数: 679, 有效: 21, 有效率: 3.09%, IPv4: 617, IPv6: 62, 最小延迟: 10 ms, 最高速率: 257.37 M/s, 平均速率: 69.75 M/s, 最高分辨率: 1920x1080, 平均帧率: 40.95, 视频编解码器: h264, 音频编解码器: mp2
分类: 📡卫视频道, 名称: 西藏卫视, 总数: 348, 有效: 16, 有效率: 4.60%, IPv4: 323, IPv6: 25, 最小延迟: 11 ms, 最高速率: 220.58 M/s, 平均速率: 53.25 M/s, 最高分辨率: 1920x1080, 平均帧率: 40.77, 视频编解码器: h264, 音频编解码器: mp2
分类: 📡卫视频道, 名称: 新疆卫视, 总数: 365, 有效: 17, 有效率: 4.66%, IPv4: 335, IPv6: 30, 最小延迟: 11 ms, 最高速率: 290.44 M/s, 平均速率: 51.00 M/s, 最高分辨率: 1920x1080, 平均帧率: 38.85, 视频编解码器: h264, 音频编解码器: mp2
分类: 📡卫视频道, 名称: 云南卫视, 总数: 465, 有效: 15, 有效率: 3.23%, IPv4: 425, IPv6: 40, 最小延迟: 11 ms, 最高速率: 249.15 M/s, 平均速率: 76.61 M/s, 最高分辨率: 1920x1080, 平均帧率: 32.14, 视频编解码器: h264, 音频编解码器: mp2
分类: 🌊港·澳·台, 名称: 中天新闻, 总数: 75, 有效: 3, 有效率: 4.00%, IPv4: 62, IPv6: 13, 最小延迟: 103 ms, 最高速率: 3.53 M/s, 平均速率: 2.13 M/s, 最高分辨率: 1920x1080, 平均帧率: 未知, 视频编解码器: 未知, 音频编解码器: 未知
分类: 🌊港·澳·台, 名称: 明珠台, 总数: 45, 有效: 2, 有效率: 4.44%, IPv4: 35, IPv6: 10, 最小延迟: 10 ms, 最高速率: 276.84 M/s, 平均速率: 138.97 M/s, 最高分辨率: 1920x1080, 平均帧率: 26.67, 视频编解码器: hevc, 音频编解码器: aac
分类: 🌊港·澳·台, 名称: 凤凰中文, 总数: 172, 有效: 6, 有效率: 3.49%, IPv4: 156, IPv6: 16, 最小延迟: 12 ms, 最高速率: 262.99 M/s, 平均速率: 113.53 M/s, 最高分辨率: 1920x1080, 平均帧率: 30.00, 视频编解码器: h264, 音频编解码器: mp2
分类: 🌊港·澳·台, 名称: 凤凰香港, 总数: 87, 有效: 1, 有效率: 1.15%, IPv4: 78, IPv6: 9, 最小延迟: 3528 ms, 最高速率: 0.70 M/s, 平均速率: 0.70 M/s, 最高分辨率: 1920x1080, 平均帧率: 30.00, 视频编解码器: h264, 音频编解码器: aac
分类: 🌊港·澳·台, 名称: 纬来育乐, 总数: 25, 有效: 0, 有效率: 0.00%, IPv4: 23, IPv6: 2, 最小延迟: -1 ms, 最高速率: 0.00 M/s, 平均速率: 0.00 M/s, 最高分辨率: None, 平均帧率: 未知, 视频编解码器: 未知, 音频编解码器: 未知
分类: 🌊港·澳·台, 名称: 三立台湾, 总数: 12, 有效: 0, 有效率: 0.00%, IPv4: 12, IPv6: 0, 最小延迟: -1 ms, 最高速率: 0.00 M/s, 平均速率: 0.00 M/s, 最高分辨率: None, 平均帧率: 未知, 视频编解码器: 未知, 音频编解码器: 未知
分类: 🌊港·澳·台, 名称: 凤凰资讯, 总数: 183, 有效: 6, 有效率: 3.28%, IPv4: 164, IPv6: 19, 最小延迟: 13 ms, 最高速率: 244.25 M/s, 平均速率: 112.50 M/s, 最高分辨率: 1920x1080, 平均帧率: 35.00, 视频编解码器: h264, 音频编解码器: aac
分类: 🌊港·澳·台, 名称: 凤凰卫视, 总数: 11, 有效: 1, 有效率: 9.09%, IPv4: 10, IPv6: 1, 最小延迟: 3130 ms, 最高速率: 1.23 M/s, 平均速率: 1.23 M/s, 最高分辨率: 1920x1080, 平均帧率: 25.00, 视频编解码器: mpeg2video, 音频编解码器: mp2
分类: 🌊港·澳·台, 名称: 东森综合, 总数: 20, 有效: 0, 有效率: 0.00%, IPv4: 19, IPv6: 1, 最小延迟: -1 ms, 最高速率: 0.00 M/s, 平均速率: 0.00 M/s, 最高分辨率: None, 平均帧率: 未知, 视频编解码器: 未知, 音频编解码器: 未知
分类: 🌊港·澳·台, 名称: 东森超视, 总数: 29, 有效: 0, 有效率: 0.00%, IPv4: 27, IPv6: 2, 最小延迟: -1 ms, 最高速率: 0.00 M/s, 平均速率: 0.00 M/s, 最高分辨率: None, 平均帧率: 未知, 视频编解码器: 未知, 音频编解码器: 未知
分类: 🌊港·澳·台, 名称: 星卫娱乐, 总数: 2, 有效: 0, 有效率: 0.00%, IPv4: 2, IPv6: 0, 最小延迟: -1 ms, 最高速率: 0.00 M/s, 平均速率: 0.00 M/s, 最高分辨率: None, 平均帧率: 未知, 视频编解码器: 未知, 音频编解码器: 未知
分类: 🌊港·澳·台, 名称: Now剧集, 总数: 8, 有效: 0, 有效率: 0.00%, IPv4: 8, IPv6: 0, 最小延迟: -1 ms, 最高速率: 0.00 M/s, 平均速率: 0.00 M/s, 最高分辨率: 1280x720, 平均帧率: 未知, 视频编解码器: 未知, 音频编解码器: 未知
分类: 🌊港·澳·台, 名称: 东森电影, 总数: 31, 有效: 0, 有效率: 0.00%, IPv4: 28, IPv6: 3, 最小延迟: -1 ms, 最高速率: 0.00 M/s, 平均速率: 0.00 M/s, 最高分辨率: None, 平均帧率: 未知, 视频编解码器: 未知, 音频编解码器: 未知
分类: 🌊港·澳·台, 名称: Now华剧, 总数: 7, 有效: 0, 有效率: 0.00%, IPv4: 7, IPv6: 0, 最小延迟: -1 ms, 最高速率: 0.00 M/s, 平均速率: 0.00 M/s, 最高分辨率: None, 平均帧率: 未知, 视频编解码器: 未知, 音频编解码器: 未知
分类: 🌊港·澳·台, 名称: TVBS亚洲, 总数: 7, 有效: 1, 有效率: 14.29%, IPv4: 7, IPv6: 0, 最小延迟: 2066 ms, 最高速率: 0.55 M/s, 平均速率: 0.55 M/s, 最高分辨率: 1920x1080, 平均帧率: 未知, 视频编解码器: 未知, 音频编解码器: 未知
分类: 🌊港·澳·台, 名称: 纬来体育, 总数: 44, 有效: 0, 有效率: 0.00%, IPv4: 40, IPv6: 4, 最小延迟: 2587 ms, 最高速率: 0.14 M/s, 平均速率: 0.00 M/s, 最高分辨率: 1920x1080, 平均帧率: 25.00, 视频编解码器: h264, 音频编解码器: aac
分类: 🌊港·澳·台, 名称: 三立新闻, 总数: 20, 有效: 0, 有效率: 0.00%, IPv4: 18, IPv6: 2, 最小延迟: 4228 ms, 最高速率: 0.34 M/s, 平均速率: 0.00 M/s, 最高分辨率: 1920x1080, 平均帧率: 29.97, 视频编解码器: h264, 音频编解码器: aac
分类: 🌊港·澳·台, 名称: 无线新闻, 总数: 87, 有效: 1, 有效率: 1.15%, IPv4: 73, IPv6: 14, 最小延迟: 13 ms, 最高速率: 212.07 M/s, 平均速率: 212.07 M/s, 最高分辨率: 1920x1080, 平均帧率: 未知, 视频编解码器: h264, 音频编解码器: aac
分类: 🌊港·澳·台, 名称: 靖天资讯, 总数: 15, 有效: 0, 有效率: 0.00%, IPv4: 9, IPv6: 6, 最小延迟: 455 ms, 最高速率: 0.11 M/s, 平均速率: 0.00 M/s, 最高分辨率: 1920x1080, 平均帧率: 30.00, 视频编解码器: h264, 音频编解码器: aac
分类: 🎬电影频道, 名称: CHC家庭影院, 总数: 148, 有效: 12, 有效率: 8.11%, IPv4: 137, IPv6: 11, 最小延迟: 9 ms, 最高速率: 279.54 M/s, 平均速率: 77.55 M/s, 最高分辨率: 1920x1080, 平均帧率: 37.50, 视频编解码器: h264, 音频编解码器: aac
分类: 🎬电影频道, 名称: 淘剧场, 总数: 27, 有效: 0, 有效率: 0.00%, IPv4: 22, IPv6: 5, 最小延迟: -1 ms, 最高速率: 0.00 M/s, 平均速率: 0.00 M/s, 最高分辨率: None, 平均帧率: 未知, 视频编解码器: 未知, 音频编解码器: 未知
分类: 🎬电影频道, 名称: 淘娱乐, 总数: 27, 有效: 0, 有效率: 0.00%, IPv4: 22, IPv6: 5, 最小延迟: -1 ms, 最高速率: 0.00 M/s, 平均速率: 0.00 M/s, 最高分辨率: None, 平均帧率: 未知, 视频编解码器: 未知, 音频编解码器: 未知
分类: 🎬电影频道, 名称: 淘电影, 总数: 30, 有效: 0, 有效率: 0.00%, IPv4: 28, IPv6: 2, 最小延迟: -1 ms, 最高速率: 0.00 M/s, 平均速率: 0.00 M/s, 最高分辨率: None, 平均帧率: 未知, 视频编解码器: 未知, 音频编解码器: 未知
分类: 🎬电影频道, 名称: NewTV惊悚悬疑, 总数: 44, 有效: 2, 有效率: 4.55%, IPv4: 30, IPv6: 14, 最小延迟: 159 ms, 最高速率: 12.05 M/s, 平均速率: 9.59 M/s, 最高分辨率: 1920x1080, 平均帧率: 未知, 视频编解码器: 未知, 音频编解码器: 未知
分类: 🎬电影频道, 名称: CHC高清电影, 总数: 20, 有效: 2, 有效率: 10.00%, IPv4: 19, IPv6: 1, 最小延迟: 7506 ms, 最高速率: 0.56 M/s, 平均速率: 0.55 M/s, 最高分辨率: 1920x1080, 平均帧率: 41.67, 视频编解码器: h264, 音频编解码器: mp2
分类: 🎬电影频道, 名称: NewTV动作电影, 总数: 30, 有效: 0, 有效率: 0.00%, IPv4: 24, IPv6: 6, 最小延迟: -1 ms, 最高速率: 0.00 M/s, 平均速率: 0.00 M/s, 最高分辨率: None, 平均帧率: 未知, 视频编解码器: 未知, 音频编解码器: 未知
分类: 🎬电影频道, 名称: CHC动作电影, 总数: 156, 有效: 14, 有效率: 8.97%, IPv4: 143, IPv6: 13, 最小延迟: 11 ms, 最高速率: 241.54 M/s, 平均速率: 51.78 M/s, 最高分辨率: 1920x1080, 平均帧率: 40.00, 视频编解码器: h264, 音频编解码器: mp2
分类: 🎬电影频道, 名称: 黑莓电影, 总数: 64, 有效: 2, 有效率: 3.12%, IPv4: 38, IPv6: 26, 最小延迟: 154 ms, 最高速率: 12.34 M/s, 平均速率: 9.14 M/s, 最高分辨率: 1920x1080, 平均帧率: 未知, 视频编解码器: 未知, 音频编解码器: 未知
分类: 🎬电影频道, 名称: 艾尔达娱乐, 总数: 3, 有效: 0, 有效率: 0.00%, IPv4: 3, IPv6: 0, 最小延迟: 1033 ms, 最高速率: 0.03 M/s, 平均速率: 0.00 M/s, 最高分辨率: 640x480, 平均帧率: 25.00, 视频编解码器: h264, 音频编解码器: aac
分类: 🎬电影频道, 名称: 靖天映画, 总数: 24, 有效: 1, 有效率: 4.17%, IPv4: 16, IPv6: 8, 最小延迟: 267 ms, 最高速率: 1.17 M/s, 平均速率: 1.17 M/s, 最高分辨率: 1920x1080, 平均帧率: 未知, 视频编解码器: 未知, 音频编解码器: 未知
分类: 🎬电影频道, 名称: 天映经典, 总数: 31, 有效: 1, 有效率: 3.23%, IPv4: 21, IPv6: 10, 最小延迟: 173 ms, 最高速率: 17.27 M/s, 平均速率: 17.27 M/s, 最高分辨率: 1280x720, 平均帧率: 25.00, 视频编解码器: h264, 音频编解码器: aac
分类: 🎬电影频道, 名称: 靖天戏剧, 总数: 19, 有效: 1, 有效率: 5.26%, IPv4: 14, IPv6: 5, 最小延迟: 274 ms, 最高速率: 2.27 M/s, 平均速率: 2.27 M/s, 最高分辨率: 1920x1080, 平均帧率: 30.00, 视频编解码器: h264, 音频编解码器: aac
分类: 🎬电影频道, 名称: 经典电影, 总数: 60, 有效: 1, 有效率: 1.67%, IPv4: 56, IPv6: 4, 最小延迟: 4122 ms, 最高速率: 1.51 M/s, 平均速率: 1.51 M/s, 最高分辨率: 1920x1080, 平均帧率: 27.50, 视频编解码器: h264, 音频编解码器: mp2
分类: 🎬电影频道, 名称: 无线星河, 总数: 14, 有效: 1, 有效率: 7.14%, IPv4: 9, IPv6: 5, 最小延迟: 223 ms, 最高速率: 18.79 M/s, 平均速率: 18.79 M/s, 最高分辨率: 1920x1080, 平均帧率: 50.00, 视频编解码器: h264, 音频编解码器: aac
分类: 🎬电影频道, 名称: 私人影院, 总数: 2, 有效: 0, 有效率: 0.00%, IPv4: 2, IPv6: 0, 最小延迟: -1 ms, 最高速率: 0.00 M/s, 平均速率: 0.00 M/s, 最高分辨率: None, 平均帧率: 未知, 视频编解码器: 未知, 音频编解码器: 未知
分类: 🎬电影频道, 名称: 龙祥电影, 总数: 12, 有效: 1, 有效率: 8.33%, IPv4: 10, IPv6: 2, 最小延迟: 530 ms, 最高速率: 1.64 M/s, 平均速率: 1.64 M/s, 最高分辨率: 1440x1080, 平均帧率: 未知, 视频编解码器: 未知, 音频编解码器: 未知
分类: 🎬电影频道, 名称: 东森洋片, 总数: 33, 有效: 1, 有效率: 3.03%, IPv4: 27, IPv6: 6, 最小延迟: 462 ms, 最高速率: 1.78 M/s, 平均速率: 1.78 M/s, 最高分辨率: 1440x1080, 平均帧率: 未知, 视频编解码器: 未知, 音频编解码器: 未知
分类: 🎬电影频道, 名称: 纬来电影, 总数: 25, 有效: 2, 有效率: 8.00%, IPv4: 16, IPv6: 9, 最小延迟: 470 ms, 最高速率: 1.69 M/s, 平均速率: 1.67 M/s, 最高分辨率: 1280x720, 平均帧率: 未知, 视频编解码器: 未知, 音频编解码器: 未知
分类: 🎬电影频道, 名称: IPTV经典电影, 总数: 23, 有效: 0, 有效率: 0.00%, IPv4: 23, IPv6: 0, 最小延迟: 10216 ms, 最高速率: 0.06 M/s, 平均速率: 0.00 M/s, 最高分辨率: None, 平均帧率: 未知, 视频编解码器: 未知, 音频编解码器: 未知
分类: 🎬电影频道, 名称: 星空卫视, 总数: 43, 有效: 0, 有效率: 0.00%, IPv4: 39, IPv6: 4, 最小延迟: 10559 ms, 最高速率: 0.07 M/s, 平均速率: 0.00 M/s, 最高分辨率: 1920x1080, 平均帧率: 50.00, 视频编解码器: h264, 音频编解码器: mp2
分类: 🏀体育频道, 名称: 五星体育, 总数: 54, 有效: 6, 有效率: 11.11%, IPv4: 38, IPv6: 16, 最小延迟: 132 ms, 最高速率: 15.14 M/s, 平均速率: 9.75 M/s, 最高分辨率: 1920x1080, 平均帧率: 25.00, 视频编解码器: h264, 音频编解码器: mp2
分类: 🏀体育频道, 名称: 体育赛事, 总数: 12, 有效: 0, 有效率: 0.00%, IPv4: 11, IPv6: 1, 最小延迟: -1 ms, 最高速率: 0.00 M/s, 平均速率: 0.00 M/s, 最高分辨率: None, 平均帧率: 未知, 视频编解码器: 未知, 音频编解码器: 未知
分类: 🏀体育频道, 名称: 爱体育, 总数: 54, 有效: 0, 有效率: 0.00%, IPv4: 47, IPv6: 7, 最小延迟: -1 ms, 最高速率: 0.00 M/s, 平均速率: 0.00 M/s, 最高分辨率: None, 平均帧率: 未知, 视频编解码器: 未知, 音频编解码器: 未知
分类: 🏀体育频道, 名称: 广东体育, 总数: 132, 有效: 10, 有效率: 7.58%, IPv4: 122, IPv6: 10, 最小延迟: 13 ms, 最高速率: 223.87 M/s, 平均速率: 79.00 M/s, 最高分辨率: 1920x1080, 平均帧率: 32.27, 视频编解码器: h264, 音频编解码器: mp2
分类: 🏀体育频道, 名称: 超级体育, 总数: 45, 有效: 0, 有效率: 0.00%, IPv4: 28, IPv6: 17, 最小延迟: -1 ms, 最高速率: 0.00 M/s, 平均速率: 0.00 M/s, 最高分辨率: None, 平均帧率: 未知, 视频编解码器: 未知, 音频编解码器: 未知
分类: 🏀体育频道, 名称: 劲爆体育, 总数: 46, 有效: 2, 有效率: 4.35%, IPv4: 34, IPv6: 12, 最小延迟: 10 ms, 最高速率: 253.59 M/s, 平均速率: 221.45 M/s, 最高分辨率: 1920x1080, 平均帧率: 50.00, 视频编解码器: h264, 音频编解码器: mp2
分类: 🏀体育频道, 名称: 精品体育, 总数: 44, 有效: 2, 有效率: 4.55%, IPv4: 29, IPv6: 15, 最小延迟: 146 ms, 最高速率: 13.16 M/s, 平均速率: 13.09 M/s, 最高分辨率: 1920x1080, 平均帧率: 未知, 视频编解码器: 未知, 音频编解码器: 未知
分类: 🏀体育频道, 名称: 深圳体育, 总数: 7, 有效: 0, 有效率: 0.00%, IPv4: 5, IPv6: 2, 最小延迟: -1 ms, 最高速率: 0.00 M/s, 平均速率: 0.00 M/s, 最高分辨率: None, 平均帧率: 未知, 视频编解码器: 未知, 音频编解码器: 未知
分类: 🏀体育频道, 名称: 成都体育, 总数: 1, 有效: 0, 有效率: 0.00%, IPv4: 1, IPv6: 0, 最小延迟: -1 ms, 最高速率: 0.00 M/s, 平均速率: 0.00 M/s, 最高分辨率: None, 平均帧率: 未知, 视频编解码器: 未知, 音频编解码器: 未知
分类: 🏀体育频道, 名称: 广州竞赛, 总数: 27, 有效: 1, 有效率: 3.70%, IPv4: 23, IPv6: 4, 最小延迟: 376 ms, 最高速率: 6.35 M/s, 平均速率: 6.35 M/s, 最高分辨率: 1280x720, 平均帧率: 25.00, 视频编解码器: h264, 音频编解码器: aac
分类: 🏀体育频道, 名称: 辽宁体育, 总数: 9, 有效: 2, 有效率: 22.22%, IPv4: 9, IPv6: 0, 最小延迟: 714 ms, 最高速率: 3.77 M/s, 平均速率: 2.45 M/s, 最高分辨率: 1920x1080, 平均帧率: 未知, 视频编解码器: 未知, 音频编解码器: 未知
分类: 🏀体育频道, 名称: 吉林篮球, 总数: 2, 有效: 0, 有效率: 0.00%, IPv4: 2, IPv6: 0, 最小延迟: -1 ms, 最高速率: 0.00 M/s, 平均速率: 0.00 M/s, 最高分辨率: None, 平均帧率: 未知, 视频编解码器: 未知, 音频编解码器: 未知
分类: 🏀体育频道, 名称: 江苏体育, 总数: 25, 有效: 0, 有效率: 0.00%, IPv4: 24, IPv6: 1, 最小延迟: -1 ms, 最高速率: 0.00 M/s, 平均速率: 0.00 M/s, 最高分辨率: 1920x1080, 平均帧率: 未知, 视频编解码器: 未知, 音频编解码器: 未知
分类: 🏀体育频道, 名称: 安徽综艺体育, 总数: 14, 有效: 0, 有效率: 0.00%, IPv4: 10, IPv6: 4, 最小延迟: -1 ms, 最高速率: 0.00 M/s, 平均速率: 0.00 M/s, 最高分辨率: None, 平均帧率: 未知, 视频编解码器: 未知, 音频编解码器: 未知
分类: 🌊港·澳·台, 名称: 翡翠台, 总数: 124, 有效: 4, 有效率: 3.23%, IPv4: 104, IPv6: 20, 最小延迟: 13 ms, 最高速率: 94.98 M/s, 平均速率: 29.43 M/s, 最高分辨率: 1920x1080, 平均帧率: 31.00, 视频编解码器: h264, 音频编解码器: mp2
分类: 🏀体育频道, 名称: 睛彩广场舞, 总数: 53, 有效: 0, 有效率: 0.00%, IPv4: 43, IPv6: 10, 最小延迟: -1 ms, 最高速率: 0.00 M/s, 平均速率: 0.00 M/s, 最高分辨率: None, 平均帧率: 未知, 视频编解码器: 未知, 音频编解码器: 未知
分类: 🏀体育频道, 名称: 天津体育, 总数: 10, 有效: 1, 有效率: 10.00%, IPv4: 10, IPv6: 0, 最小延迟: 639 ms, 最高速率: 2.31 M/s, 平均速率: 2.31 M/s, 最高分辨率: 1280x720, 平均帧率: 未知, 视频编解码器: 未知, 音频编解码器: 未知
分类: 🏀体育频道, 名称: 足球频道, 总数: 2, 有效: 0, 有效率: 0.00%, IPv4: 2, IPv6: 0, 最小延迟: -1 ms, 最高速率: 0.00 M/s, 平均速率: 0.00 M/s, 最高分辨率: None, 平均帧率: 未知, 视频编解码器: 未知, 音频编解码器: 未知
分类: 🏀体育频道, 名称: 福建体育, 总数: 10, 有效: 4, 有效率: 40.00%, IPv4: 10, IPv6: 0, 最小延迟: 3614 ms, 最高速率: 1.01 M/s, 平均速率: 0.89 M/s, 最高分辨率: 1920x1080, 平均帧率: 27.50, 视频编解码器: h264, 音频编解码器: aac
分类: 🏀体育频道, 名称: Astro Badminton 2, 总数: 2, 有效: 0, 有效率: 0.00%, IPv4: 1, IPv6: 1, 最小延迟: -1 ms, 最高速率: 0.00 M/s, 平均速率: 0.00 M/s, 最高分辨率: None, 平均帧率: 未知, 视频编解码器: 未知, 音频编解码器: 未知
分类: 🏀体育频道, 名称: 睛彩羽毛球, 总数: 8, 有效: 0, 有效率: 0.00%, IPv4: 8, IPv6: 0, 最小延迟: -1 ms, 最高速率: 0.00 M/s, 平均速率: 0.00 M/s, 最高分辨率: None, 平均帧率: 未知, 视频编解码器: 未知, 音频编解码器: 未知
分类: 🏀体育频道, 名称: Eurosport, 总数: 3, 有效: 0, 有效率: 0.00%, IPv4: 2, IPv6: 1, 最小延迟: -1 ms, 最高速率: 0.00 M/s, 平均速率: 0.00 M/s, 最高分辨率: None, 平均帧率: 未知, 视频编解码器: 未知, 音频编解码器: 未知
分类: 🏀体育频道, 名称: 先锋乒羽, 总数: 42, 有效: 2, 有效率: 4.76%, IPv4: 41, IPv6: 1, 最小延迟: 162 ms, 最高速率: 11.58 M/s, 平均速率: 11.57 M/s, 最高分辨率: 1920x1080, 平均帧率: 未知, 视频编解码器: 未知, 音频编解码器: 未知
分类: 🏀体育频道, 名称: 山东体育, 总数: 23, 有效: 0, 有效率: 0.00%, IPv4: 22, IPv6: 1, 最小延迟: 1470 ms, 最高速率: 0.04 M/s, 平均速率: 0.00 M/s, 最高分辨率: None, 平均帧率: 未知, 视频编解码器: 未知, 音频编解码器: aac
分类: 🏀体育频道, 名称: 睛彩篮球, 总数: 90, 有效: 2, 有效率: 2.22%, IPv4: 81, IPv6: 9, 最小延迟: 150 ms, 最高速率: 12.40 M/s, 平均速率: 12.37 M/s, 最高分辨率: 1920x1080, 平均帧率: 未知, 视频编解码器: 未知, 音频编解码器: 未知
分类: 🏀体育频道, 名称: 魅力足球, 总数: 54, 有效: 1, 有效率: 1.85%, IPv4: 47, IPv6: 7, 最小延迟: 14 ms, 最高速率: 211.97 M/s, 平均速率: 211.97 M/s, 最高分辨率: 1440x1080, 平均帧率: 未知, 视频编解码器: 未知, 音频编解码器: 未知
分类: 🏛海外新闻, 名称: DW English, 总数: 1, 有效: 0, 有效率: 0.00%, IPv4: 0, IPv6: 1, 最小延迟: 1492 ms, 最高速率: 7.37 M/s, 平均速率: 0.00 M/s, 最高分辨率: 480x270, 平均帧率: 50.00, 视频编解码器: h264, 音频编解码器: aac
分类: 🏛海外新闻, 名称: Dubai TV, 总数: 1, 有效: 0, 有效率: 0.00%, IPv4: 1, IPv6: 0, 最小延迟: -1 ms, 最高速率: 0.00 M/s, 平均速率: 0.00 M/s, 最高分辨率: None, 平均帧率: 未知, 视频编解码器: 未知, 音频编解码器: 未知
分类: 🏛海外新闻, 名称: ABC News, 总数: 11, 有效: 0, 有效率: 0.00%, IPv4: 4, IPv6: 7, 最小延迟: 422 ms, 最高速率: 9.50 M/s, 平均速率: 0.00 M/s, 最高分辨率: 768x432, 平均帧率: 30.00, 视频编解码器: h264, 音频编解码器: aac
分类: 🏛海外新闻, 名称: Channel 4, 总数: 4, 有效: 0, 有效率: 0.00%, IPv4: 3, IPv6: 1, 最小延迟: -1 ms, 最高速率: 0.00 M/s, 平均速率: 0.00 M/s, 最高分辨率: None, 平均帧率: 未知, 视频编解码器: 未知, 音频编解码器: 未知
分类: 🏛海外新闻, 名称: Sky News, 总数: 17, 有效: 0, 有效率: 0.00%, IPv4: 5, IPv6: 12, 最小延迟: 192 ms, 最高速率: 7.46 M/s, 平均速率: 0.00 M/s, 最高分辨率: 768x432, 平均帧率: 30.00, 视频编解码器: h264, 音频编解码器: aac
分类: 🏛海外新闻, 名称: TRT World, 总数: 4, 有效: 0, 有效率: 0.00%, IPv4: 3, IPv6: 1, 最小延迟: -1 ms, 最高速率: 0.00 M/s, 平均速率: 0.00 M/s, 最高分辨率: None, 平均帧率: 未知, 视频编解码器: 未知, 音频编解码器: 未知
分类: 🏛海外新闻, 名称: Press TV, 总数: 1, 有效: 0, 有效率: 0.00%, IPv4: 1, IPv6: 0, 最小延迟: -1 ms, 最高速率: 0.00 M/s, 平均速率: 0.00 M/s, 最高分辨率: None, 平均帧率: 未知, 视频编解码器: 未知, 音频编解码器: 未知
分类: 🏛海外新闻, 名称: Global News, 总数: 1, 有效: 0, 有效率: 0.00%, IPv4: 0, IPv6: 1, 最小延迟: -1 ms, 最高速率: 0.00 M/s, 平均速率: 0.00 M/s, 最高分辨率: None, 平均帧率: 未知, 视频编解码器: 未知, 音频编解码器: 未知
分类: 🏛海外新闻, 名称: CNA, 总数: 11, 有效: 1, 有效率: 9.09%, IPv4: 7, IPv6: 4, 最小延迟: 113 ms, 最高速率: 21.91 M/s, 平均速率: 21.91 M/s, 最高分辨率: 1920x1080, 平均帧率: 未知, 视频编解码器: 未知, 音频编解码器: 未知
分类: 🏛海外新闻, 名称: Fox News, 总数: 17, 有效: 0, 有效率: 0.00%, IPv4: 12, IPv6: 5, 最小延迟: 148 ms, 最高速率: 15.77 M/s, 平均速率: 0.00 M/s, 最高分辨率: 640x360, 平均帧率: 44.97, 视频编解码器: h264, 音频编解码器: aac
分类: 🏛海外新闻, 名称: France 24, 总数: 11, 有效: 0, 有效率: 0.00%, IPv4: 5, IPv6: 6, 最小延迟: 1219 ms, 最高速率: 2.85 M/s, 平均速率: 0.00 M/s, 最高分辨率: 640x360, 平均帧率: 25.00, 视频编解码器: h264, 音频编解码器: aac
分类: 🏛海外新闻, 名称: NEWSMAX, 总数: 3, 有效: 1, 有效率: 33.33%, IPv4: 3, IPv6: 0, 最小延迟: 84 ms, 最高速率: 43.12 M/s, 平均速率: 43.12 M/s, 最高分辨率: 1920x1080, 平均帧率: 未知, 视频编解码器: 未知, 音频编解码器: 未知
分类: 🏛海外新闻, 名称: Tennis Channel, 总数: 5, 有效: 0, 有效率: 0.00%, IPv4: 3, IPv6: 2, 最小延迟: 206 ms, 最高速率: 0.00 M/s, 平均速率: 0.00 M/s, 最高分辨率: None, 平均帧率: 未知, 视频编解码器: 未知, 音频编解码器: 未知
分类: 🏛海外新闻, 名称: CBS News, 总数: 13, 有效: 6, 有效率: 46.15%, IPv4: 2, IPv6: 11, 最小延迟: 61 ms, 最高速率: 25.88 M/s, 平均速率: 21.31 M/s, 最高分辨率: 1280x720, 平均帧率: 29.97, 视频编解码器: h264, 音频编解码器: aac
分类: 🏛海外新闻, 名称: CNN International, 总数: 18, 有效: 0, 有效率: 0.00%, IPv4: 9, IPv6: 9, 最小延迟: 462 ms, 最高速率: 2.44 M/s, 平均速率: 0.00 M/s, 最高分辨率: 640x360, 平均帧率: 27.49, 视频编解码器: h264, 音频编解码器: aac
分类: 🏛海外新闻, 名称: Al Jazeera English, 总数: 9, 有效: 0, 有效率: 0.00%, IPv4: 7, IPv6: 2, 最小延迟: 93 ms, 最高速率: 14.48 M/s, 平均速率: 0.00 M/s, 最高分辨率: 746x420, 平均帧率: 25.00, 视频编解码器: h264, 音频编解码器: aac
分类: 🏛海外新闻, 名称: GB News, 总数: 4, 有效: 0, 有效率: 0.00%, IPv4: 1, IPv6: 3, 最小延迟: 988 ms, 最高速率: 9.38 M/s, 平均速率: 0.00 M/s, 最高分辨率: 640x360, 平均帧率: 25.00, 视频编解码器: h264, 音频编解码器: aac
分类: 🪁动画频道, 名称: 少儿动画, 总数: 24, 有效: 0, 有效率: 0.00%, IPv4: 24, IPv6: 0, 最小延迟: -1 ms, 最高速率: 0.00 M/s, 平均速率: 0.00 M/s, 最高分辨率: 1920x1080, 平均帧率: 未知, 视频编解码器: 未知, 音频编解码器: 未知
分类: 🏛海外新闻, 名称: Euronews, 总数: 24, 有效: 5, 有效率: 20.83%, IPv4: 7, IPv6: 17, 最小延迟: 127 ms, 最高速率: 11.35 M/s, 平均速率: 6.25 M/s, 最高分辨率: 1280x720, 平均帧率: 28.33, 视频编解码器: h264, 音频编解码器: aac
分类: 🏛海外新闻, 名称: BBC Earth, 总数: 13, 有效: 1, 有效率: 7.69%, IPv4: 6, IPv6: 7, 最小延迟: 1149 ms, 最高速率: 1.48 M/s, 平均速率: 0.50 M/s, 最高分辨率: 1920x1080, 平均帧率: 29.97, 视频编解码器: h264, 音频编解码器: aac
分类: 🏛海外新闻, 名称: CGTN, 总数: 197, 有效: 3, 有效率: 1.52%, IPv4: 188, IPv6: 9, 最小延迟: 11 ms, 最高速率: 254.49 M/s, 平均速率: 86.09 M/s, 最高分辨率: 1920x1080, 平均帧率: 26.67, 视频编解码器: h264, 音频编解码器: mp2
分类: 🏛海外新闻, 名称: Arirang, 总数: 13, 有效: 0, 有效率: 0.00%, IPv4: 11, IPv6: 2, 最小延迟: 416 ms, 最高速率: 0.81 M/s, 平均速率: 0.00 M/s, 最高分辨率: 1920x1080, 平均帧率: 29.98, 视频编解码器: h264, 音频编解码器: aac
分类: 🏛海外新闻, 名称: BBC News, 总数: 46, 有效: 0, 有效率: 0.00%, IPv4: 34, IPv6: 12, 最小延迟: 290 ms, 最高速率: 11.93 M/s, 平均速率: 0.00 M/s, 最高分辨率: 1920x1080, 平均帧率: 26.66, 视频编解码器: h264, 音频编解码器: aac
分类: 🏛海外新闻, 名称: RT News, 总数: 20, 有效: 0, 有效率: 0.00%, IPv4: 19, IPv6: 1, 最小延迟: 10513 ms, 最高速率: 0.01 M/s, 平均速率: 0.00 M/s, 最高分辨率: None, 平均帧率: 未知, 视频编解码器: 未知, 音频编解码器: 未知
分类: 🏛海外新闻, 名称: NHK, 总数: 14, 有效: 0, 有效率: 0.00%, IPv4: 11, IPv6: 3, 最小延迟: 274 ms, 最高速率: 0.10 M/s, 平均速率: 0.00 M/s, 最高分辨率: 1920x1080, 平均帧率: 25.00, 视频编解码器: hevc, 音频编解码器: aac
分类: 🪁动画频道, 名称: 中录动漫, 总数: 1, 有效: 0, 有效率: 0.00%, IPv4: 0, IPv6: 1, 最小延迟: -1 ms, 最高速率: 0.00 M/s, 平均速率: 0.00 M/s, 最高分辨率: None, 平均帧率: 未知, 视频编解码器: 未知, 音频编解码器: 未知
分类: 🪁动画频道, 名称: 青春动漫, 总数: 16, 有效: 0, 有效率: 0.00%, IPv4: 13, IPv6: 3, 最小延迟: -1 ms, 最高速率: 0.00 M/s, 平均速率: 0.00 M/s, 最高分辨率: None, 平均帧率: 未知, 视频编解码器: 未知, 音频编解码器: 未知
分类: 🪁动画频道, 名称: 卡酷动画, 总数: 208, 有效: 6, 有效率: 2.88%, IPv4: 191, IPv6: 17, 最小延迟: 12 ms, 最高速率: 249.14 M/s, 平均速率: 44.70 M/s, 最高分辨率: 1920x1080, 平均帧率: 34.62, 视频编解码器: h264, 音频编解码器: mp2
分类: 🪁动画频道, 名称: 爱动漫, 总数: 16, 有效: 0, 有效率: 0.00%, IPv4: 8, IPv6: 8, 最小延迟: -1 ms, 最高速率: 0.00 M/s, 平均速率: 0.00 M/s, 最高分辨率: None, 平均帧率: 未知, 视频编解码器: 未知, 音频编解码器: 未知
分类: 🪁动画频道, 名称: 新动漫, 总数: 60, 有效: 2, 有效率: 3.33%, IPv4: 59, IPv6: 1, 最小延迟: 149 ms, 最高速率: 12.58 M/s, 平均速率: 11.50 M/s, 最高分辨率: 1920x1080, 平均帧率: 未知, 视频编解码器: 未知, 音频编解码器: 未知
分类: 🪁动画频道, 名称: CN卡通, 总数: 8, 有效: 1, 有效率: 12.50%, IPv4: 7, IPv6: 1, 最小延迟: 1048 ms, 最高速率: 2.61 M/s, 平均速率: 2.61 M/s, 最高分辨率: 1920x1080, 平均帧率: 未知, 视频编解码器: 未知, 音频编解码器: 未知
分类: 🪁动画频道, 名称: 动漫秀场, 总数: 145, 有效: 4, 有效率: 2.76%, IPv4: 125, IPv6: 20, 最小延迟: 549 ms, 最高速率: 2.27 M/s, 平均速率: 1.59 M/s, 最高分辨率: 1920x1080, 平均帧率: 33.33, 视频编解码器: h264, 音频编解码器: mp2
分类: 🪁动画频道, 名称: 宝宝动画, 总数: 17, 有效: 0, 有效率: 0.00%, IPv4: 14, IPv6: 3, 最小延迟: 5802 ms, 最高速率: 0.49 M/s, 平均速率: 0.00 M/s, 最高分辨率: 1920x1080, 平均帧率: 25.00, 视频编解码器: h264, 音频编解码器: aac
分类: 🪁动画频道, 名称: 优漫卡通, 总数: 118, 有效: 4, 有效率: 3.39%, IPv4: 103, IPv6: 15, 最小延迟: 14 ms, 最高速率: 181.07 M/s, 平均速率: 52.12 M/s, 最高分辨率: 1920x1080, 平均帧率: 39.29, 视频编解码器: h264, 音频编解码器: aac
分类: 🪁动画频道, 名称: 黑莓动画, 总数: 59, 有效: 2, 有效率: 3.39%, IPv4: 43, IPv6: 16, 最小延迟: 150 ms, 最高速率: 12.45 M/s, 平均速率: 12.39 M/s, 最高分辨率: 1920x1080, 平均帧率: 未知, 视频编解码器: 未知, 音频编解码器: 未知
分类: 🪁动画频道, 名称: 24H国漫热播, 总数: 1, 有效: 0, 有效率: 0.00%, IPv4: 0, IPv6: 1, 最小延迟: 161 ms, 最高速率: 3.83 M/s, 平均速率: 0.00 M/s, 最高分辨率: None, 平均帧率: 未知, 视频编解码器: 未知, 音频编解码器: 未知
分类: 🪁动画频道, 名称: 金鹰卡通, 总数: 285, 有效: 6, 有效率: 2.11%, IPv4: 263, IPv6: 22, 最小延迟: 209 ms, 最高速率: 21.52 M/s, 平均速率: 4.72 M/s, 最高分辨率: 1920x1080, 平均帧率: 39.29, 视频编解码器: h264, 音频编解码器: mp2
分类: 🪁动画频道, 名称: 七龙珠, 总数: 5, 有效: 0, 有效率: 0.00%, IPv4: 3, IPv6: 2, 最小延迟: -1 ms, 最高速率: 0.00 M/s, 平均速率: 0.00 M/s, 最高分辨率: None, 平均帧率: 未知, 视频编解码器: 未知, 音频编解码器: 未知
分类: 🪁动画频道, 名称: 火影忍者, 总数: 2, 有效: 0, 有效率: 0.00%, IPv4: 1, IPv6: 1, 最小延迟: -1 ms, 最高速率: 0.00 M/s, 平均速率: 0.00 M/s, 最高分辨率: None, 平均帧率: 未知, 视频编解码器: 未知, 音频编解码器: 未知
分类: 🪁动画频道, 名称: 蜡笔小新, 总数: 4, 有效: 0, 有效率: 0.00%, IPv4: 3, IPv6: 1, 最小延迟: -1 ms, 最高速率: 0.00 M/s, 平均速率: 0.00 M/s, 最高分辨率: None, 平均帧率: 未知, 视频编解码器: 未知, 音频编解码器: 未知
分类: 🪁动画频道, 名称: 中华小当家, 总数: 10, 有效: 0, 有效率: 0.00%, IPv4: 7, IPv6: 3, 最小延迟: 350 ms, 最高速率: 0.00 M/s, 平均速率: 0.00 M/s, 最高分辨率: None, 平均帧率: 未知, 视频编解码器: 未知, 音频编解码器: 未知
分类: 🪁动画频道, 名称: 经典动漫, 总数: 5, 有效: 1, 有效率: 20.00%, IPv4: 3, IPv6: 2, 最小延迟: 15 ms, 最高速率: 187.45 M/s, 平均速率: 187.45 M/s, 最高分辨率: 1440x1080, 平均帧率: 未知, 视频编解码器: 未知, 音频编解码器: 未知
分类: 🎵音乐频道, 名称: 天津音乐, 总数: 1, 有效: 0, 有效率: 0.00%, IPv4: 1, IPv6: 0, 最小延迟: -1 ms, 最高速率: 0.00 M/s, 平均速率: 0.00 M/s, 最高分辨率: None, 平均帧率: 未知, 视频编解码器: 未知, 音频编解码器: 未知
分类: 🪁动画频道, 名称: 炫动卡通, 总数: 103, 有效: 3, 有效率: 2.91%, IPv4: 82, IPv6: 21, 最小延迟: 954 ms, 最高速率: 3.78 M/s, 平均速率: 3.57 M/s, 最高分辨率: 1920x1080, 平均帧率: 30.00, 视频编解码器: h264, 音频编解码器: mp2
分类: 🎵音乐频道, 名称: 音乐广播, 总数: 10, 有效: 0, 有效率: 0.00%, IPv4: 10, IPv6: 0, 最小延迟: -1 ms, 最高速率: 0.00 M/s, 平均速率: 0.00 M/s, 最高分辨率: None, 平均帧率: 未知, 视频编解码器: 未知, 音频编解码器: 未知
分类: 🪁动画频道, 名称: 猫和老鼠, 总数: 11, 有效: 1, 有效率: 9.09%, IPv4: 8, IPv6: 3, 最小延迟: 491 ms, 最高速率: 0.85 M/s, 平均速率: 0.85 M/s, 最高分辨率: 1280x720, 平均帧率: 未知, 视频编解码器: 未知, 音频编解码器: 未知
分类: 🎵音乐频道, 名称: 音乐现场, 总数: 28, 有效: 0, 有效率: 0.00%, IPv4: 28, IPv6: 0, 最小延迟: -1 ms, 最高速率: 0.00 M/s, 平均速率: 0.00 M/s, 最高分辨率: None, 平均帧率: 未知, 视频编解码器: 未知, 音频编解码器: 未知
分类: 🎵音乐频道, 名称: 音乐调频广播, 总数: 1, 有效: 0, 有效率: 0.00%, IPv4: 1, IPv6: 0, 最小延迟: -1 ms, 最高速率: 0.00 M/s, 平均速率: 0.00 M/s, 最高分辨率: None, 平均帧率: 未知, 视频编解码器: 未知, 音频编解码器: 未知
分类: 🎵音乐频道, 名称: 音乐之声, 总数: 3, 有效: 0, 有效率: 0.00%, IPv4: 2, IPv6: 1, 最小延迟: 834 ms, 最高速率: 0.17 M/s, 平均速率: 0.00 M/s, 最高分辨率: None, 平均帧率: 未知, 视频编解码器: 未知, 音频编解码器: aac
分类: 🪁动画频道, 名称: 海绵宝宝, 总数: 8, 有效: 0, 有效率: 0.00%, IPv4: 5, IPv6: 3, 最小延迟: 781 ms, 最高速率: 0.13 M/s, 平均速率: 0.00 M/s, 最高分辨率: 1920x1080, 平均帧率: 未知, 视频编解码器: 未知, 音频编解码器: 未知
分类: 🪁动画频道, 名称: 浙江少儿, 总数: 43, 有效: 8, 有效率: 18.60%, IPv4: 43, IPv6: 0, 最小延迟: 570 ms, 最高速率: 1.21 M/s, 平均速率: 0.76 M/s, 最高分辨率: 1920x1080, 平均帧率: 25.00, 视频编解码器: h264, 音频编解码器: aac
分类: 🎵音乐频道, 名称: 潮流音乐, 总数: 2, 有效: 0, 有效率: 0.00%, IPv4: 2, IPv6: 0, 最小延迟: 5422 ms, 最高速率: 0.04 M/s, 平均速率: 0.00 M/s, 最高分辨率: None, 平均帧率: 未知, 视频编解码器: 未知, 音频编解码器: mp3
分类: 🪁动画频道, 名称: 漫画解说, 总数: 8, 有效: 1, 有效率: 12.50%, IPv4: 6, IPv6: 2, 最小延迟: 12 ms, 最高速率: 261.73 M/s, 平均速率: 261.73 M/s, 最高分辨率: 1920x1080, 平均帧率: 30.30, 视频编解码器: h264, 音频编解码器: aac
分类: 🪁动画频道, 名称: 河北少儿科教, 总数: 12, 有效: 0, 有效率: 0.00%, IPv4: 8, IPv6: 4, 最小延迟: 10134 ms, 最高速率: 0.02 M/s, 平均速率: 0.00 M/s, 最高分辨率: None, 平均帧率: 未知, 视频编解码器: 未知, 音频编解码器: 未知
